// Jest Snapshot v1, https://goo.gl/fbAQLP

exports[`shud render ExpenseList with expenses 1`] = `
<Link
  className="list-item"
  replace={false}
  to="/edit/2"
>
  <div>
    <h3
      className="list-item__title"
    >
       
      Rent
    </h3>
    <span
      className="list-item__subtitle"
    >
      Dec 28th,1969
    </span>
  </div>
  <h3
    className="list-item__data"
  >
     
    $195.00
     
  </h3>
</Link>
`;
