// Jest Snapshot v1, https://goo.gl/fbAQLP

exports[`shud logout on button click 1`] = `
<header>
  <h1>
    Expensify
  </h1>
  <NavLink
    activeClassName="is-active"
    ariaCurrent="true"
    to="/create"
  >
    Go to create
  </NavLink>
  <NavLink
    activeClassName="is-active"
    ariaCurrent="true"
    to="/help"
  >
    Go to help
  </NavLink>
  <NavLink
    activeClassName="is-active"
    ariaCurrent="true"
    to="/dashboard"
  >
    Go to home
  </NavLink>
  <button
    onClick={[Function]}
  >
    Logout
  </button>
</header>
`;

exports[`shud render header correctly 1`] = `
<header>
  <h1>
    Expensify
  </h1>
  <NavLink
    activeClassName="is-active"
    ariaCurrent="true"
    to="/create"
  >
    Go to create
  </NavLink>
  <NavLink
    activeClassName="is-active"
    ariaCurrent="true"
    to="/help"
  >
    Go to help
  </NavLink>
  <NavLink
    activeClassName="is-active"
    ariaCurrent="true"
    to="/dashboard"
  >
    Go to home
  </NavLink>
  <button
    onClick={[Function]}
  >
    Logout
  </button>
</header>
`;
