// Jest Snapshot v1, https://goo.gl/fbAQLP

exports[`shud render header correctly 1`] = `
<p>
  404!
  <Link
    replace={false}
    to="/"
  >
    Go to home
  </Link>
</p>
`;
